P1L4\unity_visualizador\Assets\Scripts\MobileLoadLivePanel.cs(94,38): warning CS0618: 'Object.FindObjectOfType<T>()' está obsoleto: 'Object.FindObjectOfType has been deprecated. Use Object.FindAnyObjectByType instead.'
P1L4\unity_visualizador\Assets\Scripts\PMPanel.cs(43,23): warning CS0618: 'Object.FindObjectsOfType<T>()' está obsoleto: 'Object.FindObjectsOfType has been deprecated. Use Object.FindObjectsByType instead which lets you decide whether you need the results sorted or not.  FindObjectsOfType sorts the results by InstanceID but if you do not need this using FindObjectSortMode.None is considerably faster.'
P1L4\unity_visualizador\Assets\Scripts\ElementPicker.cs(106,30): warning CS0618: 'Object.FindObjectOfType<T>()' está obsoleto: 'Object.FindObjectOfType has been deprecated. Use Object.FindAnyObjectByType instead.'
P1L4\unity_visualizador\Assets\Scripts\ElementPicker.cs(125,38): warning CS0618: 'Object.FindObjectOfType<T>()' está obsoleto: 'Object.FindObjectOfType has been deprecated. Use Object.FindAnyObjectByType instead.'
P1L4\unity_visualizador\Assets\Scripts\ElementPicker.cs(150,30): warning CS0618: 'Object.FindObjectOfType<T>()' está obsoleto: 'Object.FindObjectOfType has been deprecated. Use Object.FindAnyObjectByType instead.'
P1L4\unity_visualizador\Assets\Scripts\ElementPicker.cs(170,49): warning CS0618: 'Object.FindObjectsOfType<T>()' está obsoleto: 'Object.FindObjectsOfType has been deprecated. Use Object.FindObjectsByType instead which lets you decide whether you need the results sorted or not.  FindObjectsOfType sorts the results by InstanceID but if you do not need this using FindObjectSortMode.None is considerably faster.'
P1L4\unity_visualizador\Assets\Scripts\ElementPicker.cs(213,49): warning CS0618: 'Object.FindObjectOfType<T>()' está obsoleto: 'Object.FindObjectOfType has been deprecated. Use Object.FindAnyObjectByType instead.'
P1L4\unity_visualizador\Assets\Scripts\ElementPicker.cs(219,26): warning CS0618: 'Object.FindObjectOfType<T>()' está obsoleto: 'Object.FindObjectOfType has been deprecated. Use Object.FindAnyObjectByType instead.'
P1L4\unity_visualizador\Assets\Scripts\ElementPicker.cs(229,43): warning CS0618: 'Object.FindObjectOfType<T>()' está obsoleto: 'Object.FindObjectOfType has been deprecated. Use Object.FindAnyObjectByType instead.'
P1L4\unity_visualizador\Assets\Scripts\ElementPicker.cs(235,27): warning CS0618: 'Object.FindObjectOfType<T>()' está obsoleto: 'Object.FindObjectOfType has been deprecated. Use Object.FindAnyObjectByType instead.'
P1L4\unity_visualizador\Assets\Scripts\ElementPicker.cs(244,47): warning CS0618: 'Object.FindObjectOfType<T>()' está obsoleto: 'Object.FindObjectOfType has been deprecated. Use Object.FindAnyObjectByType instead.'
P1L4\unity_visualizador\Assets\Scripts\SelectedBeamDiagramPanel.cs(39,38): warning CS0618: 'Object.FindObjectOfType<T>()' está obsoleto: 'Object.FindObjectOfType has been deprecated. Use Object.FindAnyObjectByType instead.'
P1L4\unity_visualizador\Assets\Scripts\SelectedBeamDiagramPanel.cs(66,68): warning CS0618: 'Object.FindObjectOfType<T>()' está obsoleto: 'Object.FindObjectOfType has been deprecated. Use Object.FindAnyObjectByType instead.'
P1L4\unity_visualizador\Assets\Scripts\ElementPicker.cs(270,26): warning CS0618: 'Object.FindObjectOfType<T>()' está obsoleto: 'Object.FindObjectOfType has been deprecated. Use Object.FindAnyObjectByType instead.'
P1L4\unity_visualizador\Assets\Scripts\ElementPicker.cs(295,23): warning CS0618: 'Object.FindObjectOfType<T>()' está obsoleto: 'Object.FindObjectOfType has been deprecated. Use Object.FindAnyObjectByType instead.'
P1L4\unity_visualizador\Assets\Scripts\PMPanel.cs(194,43): warning CS0618: 'Object.FindObjectOfType<T>()' está obsoleto: 'Object.FindObjectOfType has been deprecated. Use Object.FindAnyObjectByType instead.'
P1L4\unity_visualizador\Assets\Scripts\MobileLoadController.cs(395,33): warning CS0618: 'Object.FindObjectOfType<T>()' está obsoleto: 'Object.FindObjectOfType has been deprecated. Use Object.FindAnyObjectByType instead.'
P1L4\unity_visualizador\Assets\Scripts\MobileLoadResultsDashboard.cs(393,38): warning CS0618: 'Object.FindObjectOfType<T>()' está obsoleto: 'Object.FindObjectOfType has been deprecated. Use Object.FindAnyObjectByType instead.'
P1L4\unity_visualizador\Assets\Scripts\MobileLoadResultsDashboard.cs(402,9): warning CS0618: 'Object.FindObjectOfType<T>()' está obsoleto: 'Object.FindObjectOfType has been deprecated. Use Object.FindAnyObjectByType instead.'
P1L4\unity_visualizador\Assets\Scripts\ElementResultsPanel.cs(84,38): warning CS0618: 'Object.FindObjectOfType<T>()' está obsoleto: 'Object.FindObjectOfType has been deprecated. Use Object.FindAnyObjectByType instead.'
P1L4\unity_visualizador\Assets\Scripts\ElementResultsPanel.cs(124,22): warning CS0618: 'Object.FindObjectOfType<T>()' está obsoleto: 'Object.FindObjectOfType has been deprecated. Use Object.FindAnyObjectByType instead.'
P1L4\unity_visualizador\Assets\Scripts\MobileLoadController.cs(609,32): warning CS0618: 'Object.FindObjectsOfType<T>()' está obsoleto: 'Object.FindObjectsOfType has been deprecated. Use Object.FindObjectsByType instead which lets you decide whether you need the results sorted or not.  FindObjectsOfType sorts the results by InstanceID but if you do not need this using FindObjectSortMode.None is considerably faster.'
P1L4\unity_visualizador\Assets\Scripts\MobileLoadResultsDashboard.cs(455,47): warning CS0618: 'Object.FindObjectsOfType<T>()' está obsoleto: 'Object.FindObjectsOfType has been deprecated. Use Object.FindObjectsByType instead which lets you decide whether you need the results sorted or not.  FindObjectsOfType sorts the results by InstanceID but if you do not need this using FindObjectSortMode.None is considerably faster.'
P1L4\unity_visualizador\Assets\Scripts\MobileLoadResultsDashboard.cs(550,38): warning CS0618: 'Object.FindObjectOfType<T>()' está obsoleto: 'Object.FindObjectOfType has been deprecated. Use Object.FindAnyObjectByType instead.'
P1L4\unity_visualizador\Assets\Scripts\MobileLoadResultsDashboard.cs(551,47): warning CS0618: 'Object.FindObjectsOfType<T>()' está obsoleto: 'Object.FindObjectsOfType has been deprecated. Use Object.FindObjectsByType instead which lets you decide whether you need the results sorted or not.  FindObjectsOfType sorts the results by InstanceID but if you do not need this using FindObjectSortMode.None is considerably faster.'
P1L4\unity_visualizador\Assets\Scripts\MobileLoadResultsDashboard.cs(599,38): warning CS0618: 'Object.FindObjectOfType<T>()' está obsoleto: 'Object.FindObjectOfType has been deprecated. Use Object.FindAnyObjectByType instead.'
P1L4\unity_visualizador\Assets\Scripts\ElementResultsPanel.cs(290,22): warning CS0618: 'Object.FindObjectOfType<T>()' está obsoleto: 'Object.FindObjectOfType has been deprecated. Use Object.FindAnyObjectByType instead.'
P1L4\unity_visualizador\Assets\Scripts\MobileLoadResultsDashboard.cs(686,53): warning CS0618: 'Object.FindObjectsOfType<T>()' está obsoleto: 'Object.FindObjectsOfType has been deprecated. Use Object.FindObjectsByType instead which lets you decide whether you need the results sorted or not.  FindObjectsOfType sorts the results by InstanceID but if you do not need this using FindObjectSortMode.None is considerably faster.'
P1L4\unity_visualizador\Assets\Scripts\MobileLoadResultsDashboard.cs(691,13): warning CS0618: 'Object.FindObjectOfType<T>()' está obsoleto: 'Object.FindObjectOfType has been deprecated. Use Object.FindAnyObjectByType instead.'
P1L4\unity_visualizador\Assets\Scripts\MobileLoadResultsDashboard.cs(742,38): warning CS0618: 'Object.FindObjectOfType<T>()' está obsoleto: 'Object.FindObjectOfType has been deprecated. Use Object.FindAnyObjectByType instead.'
P1L4\unity_visualizador\Assets\Scripts\MobileLoadResultsDashboard.cs(855,30): warning CS0618: 'Object.FindObjectOfType<T>()' está obsoleto: 'Object.FindObjectOfType has been deprecated. Use Object.FindAnyObjectByType instead.'
P1L4\unity_visualizador\Assets\Scripts\VisualCafe.cs(123,9): warning CS0162: Se detectó código inaccesible
P1L4\unity_visualizador\Assets\Scripts\DiagramController.cs(1355,50): warning CS0618: 'Object.FindObjectOfType<T>()' está obsoleto: 'Object.FindObjectOfType has been deprecated. Use Object.FindAnyObjectByType instead.'
P1L4\unity_visualizador\Assets\Scripts\VisualSiteTerrain.cs(144,13): warning CS0162: Se detectó código inaccesible
P1L4\unity_visualizador\Assets\Scripts\SelectedBeamDiagramPanel.cs(20,18): warning CS0649: El campo 'SelectedBeamDiagramPanel.visible' nunca se asigna y siempre tendrá el valor predeterminado false
PASS: runtime C# Android compilado con su simbolo nativo. No equivale a APK/Xcode ni a prueba fisica.
P1L4\unity_visualizador_ios\Assets\Scripts\PMPanel.cs(43,23): warning CS0618: 'Object.FindObjectsOfType<T>()' está obsoleto: 'Object.FindObjectsOfType has been deprecated. Use Object.FindObjectsByType instead which lets you decide whether you need the results sorted or not.  FindObjectsOfType sorts the results by InstanceID but if you do not need this using FindObjectSortMode.None is considerably faster.'
P1L4\unity_visualizador_ios\Assets\Scripts\MobileLoadLivePanel.cs(94,38): warning CS0618: 'Object.FindObjectOfType<T>()' está obsoleto: 'Object.FindObjectOfType has been deprecated. Use Object.FindAnyObjectByType instead.'
P1L4\unity_visualizador_ios\Assets\Scripts\ElementPicker.cs(106,30): warning CS0618: 'Object.FindObjectOfType<T>()' está obsoleto: 'Object.FindObjectOfType has been deprecated. Use Object.FindAnyObjectByType instead.'
P1L4\unity_visualizador_ios\Assets\Scripts\ElementPicker.cs(125,38): warning CS0618: 'Object.FindObjectOfType<T>()' está obsoleto: 'Object.FindObjectOfType has been deprecated. Use Object.FindAnyObjectByType instead.'
P1L4\unity_visualizador_ios\Assets\Scripts\ElementPicker.cs(150,30): warning CS0618: 'Object.FindObjectOfType<T>()' está obsoleto: 'Object.FindObjectOfType has been deprecated. Use Object.FindAnyObjectByType instead.'
P1L4\unity_visualizador_ios\Assets\Scripts\ElementPicker.cs(170,49): warning CS0618: 'Object.FindObjectsOfType<T>()' está obsoleto: 'Object.FindObjectsOfType has been deprecated. Use Object.FindObjectsByType instead which lets you decide whether you need the results sorted or not.  FindObjectsOfType sorts the results by InstanceID but if you do not need this using FindObjectSortMode.None is considerably faster.'
P1L4\unity_visualizador_ios\Assets\Scripts\PMPanel.cs(194,43): warning CS0618: 'Object.FindObjectOfType<T>()' está obsoleto: 'Object.FindObjectOfType has been deprecated. Use Object.FindAnyObjectByType instead.'
P1L4\unity_visualizador_ios\Assets\Scripts\ElementPicker.cs(213,49): warning CS0618: 'Object.FindObjectOfType<T>()' está obsoleto: 'Object.FindObjectOfType has been deprecated. Use Object.FindAnyObjectByType instead.'
P1L4\unity_visualizador_ios\Assets\Scripts\ElementPicker.cs(219,26): warning CS0618: 'Object.FindObjectOfType<T>()' está obsoleto: 'Object.FindObjectOfType has been deprecated. Use Object.FindAnyObjectByType instead.'
P1L4\unity_visualizador_ios\Assets\Scripts\ElementPicker.cs(229,43): warning CS0618: 'Object.FindObjectOfType<T>()' está obsoleto: 'Object.FindObjectOfType has been deprecated. Use Object.FindAnyObjectByType instead.'
P1L4\unity_visualizador_ios\Assets\Scripts\ElementPicker.cs(235,27): warning CS0618: 'Object.FindObjectOfType<T>()' está obsoleto: 'Object.FindObjectOfType has been deprecated. Use Object.FindAnyObjectByType instead.'
P1L4\unity_visualizador_ios\Assets\Scripts\ElementPicker.cs(244,47): warning CS0618: 'Object.FindObjectOfType<T>()' está obsoleto: 'Object.FindObjectOfType has been deprecated. Use Object.FindAnyObjectByType instead.'
P1L4\unity_visualizador_ios\Assets\Scripts\ElementPicker.cs(270,26): warning CS0618: 'Object.FindObjectOfType<T>()' está obsoleto: 'Object.FindObjectOfType has been deprecated. Use Object.FindAnyObjectByType instead.'
P1L4\unity_visualizador_ios\Assets\Scripts\ElementPicker.cs(295,23): warning CS0618: 'Object.FindObjectOfType<T>()' está obsoleto: 'Object.FindObjectOfType has been deprecated. Use Object.FindAnyObjectByType instead.'
P1L4\unity_visualizador_ios\Assets\Scripts\SelectedBeamDiagramPanel.cs(39,38): warning CS0618: 'Object.FindObjectOfType<T>()' está obsoleto: 'Object.FindObjectOfType has been deprecated. Use Object.FindAnyObjectByType instead.'
P1L4\unity_visualizador_ios\Assets\Scripts\MobileLoadController.cs(395,33): warning CS0618: 'Object.FindObjectOfType<T>()' está obsoleto: 'Object.FindObjectOfType has been deprecated. Use Object.FindAnyObjectByType instead.'
P1L4\unity_visualizador_ios\Assets\Scripts\SelectedBeamDiagramPanel.cs(66,68): warning CS0618: 'Object.FindObjectOfType<T>()' está obsoleto: 'Object.FindObjectOfType has been deprecated. Use Object.FindAnyObjectByType instead.'
P1L4\unity_visualizador_ios\Assets\Scripts\ElementResultsPanel.cs(84,38): warning CS0618: 'Object.FindObjectOfType<T>()' está obsoleto: 'Object.FindObjectOfType has been deprecated. Use Object.FindAnyObjectByType instead.'
P1L4\unity_visualizador_ios\Assets\Scripts\ElementResultsPanel.cs(124,22): warning CS0618: 'Object.FindObjectOfType<T>()' está obsoleto: 'Object.FindObjectOfType has been deprecated. Use Object.FindAnyObjectByType instead.'
P1L4\unity_visualizador_ios\Assets\Scripts\ElementResultsPanel.cs(290,22): warning CS0618: 'Object.FindObjectOfType<T>()' está obsoleto: 'Object.FindObjectOfType has been deprecated. Use Object.FindAnyObjectByType instead.'
P1L4\unity_visualizador_ios\Assets\Scripts\MobileLoadController.cs(609,32): warning CS0618: 'Object.FindObjectsOfType<T>()' está obsoleto: 'Object.FindObjectsOfType has been deprecated. Use Object.FindObjectsByType instead which lets you decide whether you need the results sorted or not.  FindObjectsOfType sorts the results by InstanceID but if you do not need this using FindObjectSortMode.None is considerably faster.'
P1L4\unity_visualizador_ios\Assets\Scripts\MobileLoadResultsDashboard.cs(393,38): warning CS0618: 'Object.FindObjectOfType<T>()' está obsoleto: 'Object.FindObjectOfType has been deprecated. Use Object.FindAnyObjectByType instead.'
P1L4\unity_visualizador_ios\Assets\Scripts\MobileLoadResultsDashboard.cs(402,9): warning CS0618: 'Object.FindObjectOfType<T>()' está obsoleto: 'Object.FindObjectOfType has been deprecated. Use Object.FindAnyObjectByType instead.'
P1L4\unity_visualizador_ios\Assets\Scripts\MobileLoadResultsDashboard.cs(455,47): warning CS0618: 'Object.FindObjectsOfType<T>()' está obsoleto: 'Object.FindObjectsOfType has been deprecated. Use Object.FindObjectsByType instead which lets you decide whether you need the results sorted or not.  FindObjectsOfType sorts the results by InstanceID but if you do not need this using FindObjectSortMode.None is considerably faster.'
P1L4\unity_visualizador_ios\Assets\Scripts\MobileLoadResultsDashboard.cs(550,38): warning CS0618: 'Object.FindObjectOfType<T>()' está obsoleto: 'Object.FindObjectOfType has been deprecated. Use Object.FindAnyObjectByType instead.'
P1L4\unity_visualizador_ios\Assets\Scripts\MobileLoadResultsDashboard.cs(551,47): warning CS0618: 'Object.FindObjectsOfType<T>()' está obsoleto: 'Object.FindObjectsOfType has been deprecated. Use Object.FindObjectsByType instead which lets you decide whether you need the results sorted or not.  FindObjectsOfType sorts the results by InstanceID but if you do not need this using FindObjectSortMode.None is considerably faster.'
P1L4\unity_visualizador_ios\Assets\Scripts\MobileLoadResultsDashboard.cs(599,38): warning CS0618: 'Object.FindObjectOfType<T>()' está obsoleto: 'Object.FindObjectOfType has been deprecated. Use Object.FindAnyObjectByType instead.'
P1L4\unity_visualizador_ios\Assets\Scripts\MobileLoadResultsDashboard.cs(686,53): warning CS0618: 'Object.FindObjectsOfType<T>()' está obsoleto: 'Object.FindObjectsOfType has been deprecated. Use Object.FindObjectsByType instead which lets you decide whether you need the results sorted or not.  FindObjectsOfType sorts the results by InstanceID but if you do not need this using FindObjectSortMode.None is considerably faster.'
P1L4\unity_visualizador_ios\Assets\Scripts\MobileLoadResultsDashboard.cs(691,13): warning CS0618: 'Object.FindObjectOfType<T>()' está obsoleto: 'Object.FindObjectOfType has been deprecated. Use Object.FindAnyObjectByType instead.'
P1L4\unity_visualizador_ios\Assets\Scripts\MobileLoadResultsDashboard.cs(742,38): warning CS0618: 'Object.FindObjectOfType<T>()' está obsoleto: 'Object.FindObjectOfType has been deprecated. Use Object.FindAnyObjectByType instead.'
P1L4\unity_visualizador_ios\Assets\Scripts\MobileLoadResultsDashboard.cs(855,30): warning CS0618: 'Object.FindObjectOfType<T>()' está obsoleto: 'Object.FindObjectOfType has been deprecated. Use Object.FindAnyObjectByType instead.'
P1L4\unity_visualizador_ios\Assets\Scripts\VisualCafe.cs(123,9): warning CS0162: Se detectó código inaccesible
P1L4\unity_visualizador_ios\Assets\Scripts\DiagramController.cs(1355,50): warning CS0618: 'Object.FindObjectOfType<T>()' está obsoleto: 'Object.FindObjectOfType has been deprecated. Use Object.FindAnyObjectByType instead.'
P1L4\unity_visualizador_ios\Assets\Scripts\VisualSiteTerrain.cs(144,13): warning CS0162: Se detectó código inaccesible
P1L4\unity_visualizador_ios\Assets\Scripts\SelectedBeamDiagramPanel.cs(20,18): warning CS0649: El campo 'SelectedBeamDiagramPanel.visible' nunca se asigna y siempre tendrá el valor predeterminado false
PASS: runtime C# iOS compilado con su simbolo nativo. No equivale a APK/Xcode ni a prueba fisica.
